Problem #1     Block System call : 


    block system call for date command 
    that means you don't have to uninstall date command but if you run kernel must not accept 
    do the same Firefox as well
Answer #1 -> 
root@vishnu:~# which date
/usr/bin/date
root@vishnu:~# chmod 000 /usr/bin/date
root@vishnu:~# ls -l /usr/bin/date
---------- 1 root root 109408 Leq  7  2019 /usr/bin/date
root@vishnu:~# date
bash: /usr/bin/date: Permission denied
root@vishnu:~#

root@vishnu:~# which firefox
/usr/bin/firefox
root@vishnu:~# chmod 000 /usr/bin/firefox
root@vishnu:~# firefox
bash: /usr/bin/firefox: Permission denied
root@vishnu:~# 



Problem #2 :  play with directory 

      create a directory without name from command line
      create a directory with name "-okgoogle"
Answer #1.a
root@vishnu:/vv/Test# mkdir -
root@vishnu:/vv/Test# ls -l
total 4
drwxr-xr-x 2 root root 4096 Qas 27 23:58 -

 


Answer #2.b 
# when i direct create directory then give me below error 
root@vishnu:/vv/Test# mkdir -okgoogle
mkdir: invalid option -- 'o'
Try 'mkdir --help' for more information.
#so here my current directory is Test so try this below command so ../ go back and create "-okgoogle" in my same Test directory

root@vishnu:/vv/Test# mkdir ../Test/-okgoogle
root@vishnu:/vv/Test# ls -l
total 8
drwxr-xr-x 2 root root 4096 Qas 27 23:58 -
drwxr-xr-x 2 root root 4096 Qas 28 00:00 -okgoogle
root@vishnu:/vv/Test# 

Problem #3 create directory structure 
Answer 3
root@vishnu:/vv/Test# mkdir -p A/{B/{G/K/Reboot.txt,H/J},C/{I,J/L},D/{F,E/M}} ;ln -s /vv/Test/A/B/G/K/Reboot.txt /vv/Test/A/B/H/J ;ln -s /vv/Test/A/B/G/K/Reboot.txt /vv/Test/A/C/J/L;ln -s /vv/Test/A/B/G/K/Reboot.txt /vv/Test/A/D/E/M ;ln -s /vv/Test/A/B/H/J /vv/Test/A/C/I/ ; ln -s /vv/Test/A/C/J/L /vv/Test/A/D/F/
root@vishnu:/vv/Test# tree A
A
├── B
│   ├── G
│   │   └── K
│   │       └── Reboot.txt
│   └── H
│       └── J
│           └── Reboot.txt -> /vv/Test/A/B/G/K/Reboot.txt
├── C
│   ├── I
│   │   └── J -> /vv/Test/A/B/H/J
│   └── J
│       └── L
│           └── Reboot.txt -> /vv/Test/A/B/G/K/Reboot.txt
└── D
    ├── E
    │   └── M
    │       └── Reboot.txt -> /vv/Test/A/B/G/K/Reboot.txt
    └── F
        └── L -> /vv/Test/A/C/J/L

19 directories, 0 files
root@vishnu:/vv/Test# 







Problem 5:

     create  3 files named   abc.txt  ok  fine  g.txt  /tmp directory 
      create  4  directories   aa aaa aaaa  under  /tmp directory 
      give ls command to  list the content of  /tmp directory 
      make sure it will only list the content (file|directory)  having 2 char in their name.

here i miss misinterpret question:
/*
root@vishnu:~# cd /tmp/ ;touch abc.txt ok fine g.txt
root@vishnu:/tmp# mkdir aa aaa aaaa
root@vishnu:/tmp# ls |awk '{print substr($0,1,2)}'
aa
aa
aa
ab
fi
g.
ok
*/

#Answer 5:

for list only that having 2 char in their name. so i use ls with Wildcards so "?" is represent a single char.
root@vishnu:~# cd /tmp/ ;touch abc.txt ok fine g.txt
root@vishnu:/tmp# mkdir aa aaa aaaa
root@vishnu:/tmp# ls -dl ??
drwxr-xr-x 2 root root 4096 Jul  2 16:26 aa
-rw-r--r-- 1 root root    0 Jul  2 16:27 ok

for learning more about wildcards plz visit `https://tldp.org/LDP/GNU-Linux-Tools-Summary/html/x11655.htm` 

Problem 6:

here i use nohup command it is save the output in the nohup.out file 

root@vishnu:/vv/Test# nohup ls
nohup: ignoring input and appending output to 'nohup.out'
root@vishnu:/vv/Test# nohup date
nohup: ignoring input and appending output to 'nohup.out'
root@vishnu:/vv/Test# cat nohup.out 
nohup.out
Thu 02 Jul 2020 04:19:12 PM IST
root@vishnu:/vv/Test# 





